// Jest Snapshot v1, https://goo.gl/fbAQLP

exports[`Component renders component Home 1`] = `
<View
  style={
    Object {
      "alignItems": "center",
      "backgroundColor": "#F5FCFF",
      "flex": 1,
      "justifyContent": "center",
    }
  }
>
  <Text
    accessible={true}
    allowFontScaling={true}
    ellipsizeMode="tail"
  >
    Jose
  </Text>
  <Text
    accessible={true}
    allowFontScaling={true}
    ellipsizeMode="tail"
  >
    Alberto
  </Text>
  <Button
    accessibilityLabel="Learn more about this purple button"
    color="#841584"
    onPress={[Function]}
    title="load teams"
  />
</View>
`;
